---
source: src/ui/label_picker.rs
expression: output
---
                                                            
                                                            
                                                            
            ┌ Add repo label ──────────────────┐            
            │/  bka                            │            
            │                                  │            
            │                                  │            
            │backend-api                       │            
            │/home/user/repos/backend-api      │            
            │                                  │            
            │                                  │            
            │                                  │            
            │                                  │            
            │                                  │            
            │                                  │            
            │                                  │            
            └──────────────────────────────────┘
