---
source: src/ui/filter_picker.rs
assertion_line: 761
expression: output
---
                                                                                                    
                                                                                                    
                                                                                                    
        ┌ Jira filters ────────────────────────────────────────────────────────────────────┐        
        │┌ Projects ────────────────────────┐┌ Statuses (2) ──────────────────────────────┐│        
        ││INI       Internal Initiative     ││[ ] Backlog                                 ││        
        ││OPS       Operations              ││[x] In Progress                             ││        
        ││WEB       Website                 ││[x] Review                                  ││        
        ││                                  ││[ ] Done                                    ││        
        ││                                  ││                                            ││        
        ││                                  ││                                            ││        
        ││                                  ││                                            ││        
        ││                                  ││                                            ││        
        ││                                  ││                                            ││        
        ││                                  ││                                            ││        
        ││                                  ││                                            ││        
        ││                                  ││                                            ││        
        ││                                  ││                                            ││        
        ││                                  ││                                            ││        
        ││/ search projects                 ││                                            ││        
        │└──────────────────────────────────┘└────────────────────────────────────────────┘│        
        │/ search  Tab switch pane  Enter apply  Esc cancel                                │        
        │Space toggle status  a toggle all  T auto-tag                                     │        
        │[ ] Auto-tag repo labels                                                          │        
        └──────────────────────────────────────────────────────────────────────────────────┘
