---
source: src/ui/sidebar.rs
assertion_line: 482
expression: rendered
---
                                            
  ◦ Snapshot the sidebar render             
                                            
  ── Jira ──────────────────── TEST-123 ──  
  Status    In Progress                     
  Assignee  Casey Dev                       
  Author    Riley Author                    
  Reporter  Jordan QA                       
                                            
  Confirm sidebar, list, and command        
  bar layouts.                              
                                            
  ── GitHub ─────────────────────── #42 ──  
  Status    Changes Requested               
  Repo      work-tui                        
  Changes   3 files  +72 / -14              
  Comments  ⠹                               
  Merge     ⠹                               
  Automerge On                              
                                            
  ── CI ─────────────────────────── 1/2 ──  
   ✓ lint  2m                               
   ● build                                  
     ✓ compile  1m                          
     ● integration
