---
source: src/ui/filter_picker.rs
assertion_line: 657
expression: output
---
                                                                                                    
                                                                                                    
                                                                                                    
        ┌ Jira filters ────────────────────────────────────────────────────────────────────┐        
        │/ we                                                                              │        
        │                                                                                  │        
        │                                                                                  │        
        │┌ Projects ────────────────────────┐┌ Statuses (0) ──────────────────────────────┐│        
        ││WEB       Website                 ││Loading statuses for WEB...                 ││        
        ││                                  ││                                            ││        
        ││                                  ││                                            ││        
        ││                                  ││                                            ││        
        ││                                  ││                                            ││        
        ││                                  ││                                            ││        
        ││                                  ││                                            ││        
        ││                                  ││                                            ││        
        ││                                  ││                                            ││        
        ││                                  ││                                            ││        
        ││                                  ││                                            ││        
        ││                                  ││                                            ││        
        ││                                  ││                                            ││        
        │└──────────────────────────────────┘└────────────────────────────────────────────┘│        
        │Tab switch pane  Enter apply  Esc cancel                                          │        
        │Space toggle status  a toggle all                                                 │        
        └──────────────────────────────────────────────────────────────────────────────────┘
