---
source: src/ui/confirm_dialog.rs
expression: output
---
                                                                      
                                                                      
     ┌ Pick Up ─────────────────────────────────────────────────┐     
     │                                                          │     
     │  Action    Pick up issue                                 │     
     │  Issue     TEST-42 Implement feature X                   │     
     │  Repo      my-project                                    │     
     │                                                          │     
     │  Changes    [ Carry ]    Abort                           │     
     │                                                          │     
     │  Will checkout branch, then assign issue,                │     
     │  transition to In Progress, open editor                  │     
     │                                                          │     
     │                                                          │     
     │←/→/Tab:Changes  Enter:Confirm  Esc:Cancel                │     
     └──────────────────────────────────────────────────────────┘
