---
source: src/ui/label_picker.rs
expression: output
---
                                                            
                                                            
                                                            
            ┌ Add repo label ──────────────────┐            
            │/  zzzzz                          │            
            │                                  │            
            │                                  │            
            │No matches                        │            
            │                                  │            
            │                                  │            
            │                                  │            
            │                                  │            
            │                                  │            
            │                                  │            
            │                                  │            
            │                                  │            
            └──────────────────────────────────┘
