---
source: src/ui/list.rs
assertion_line: 118
expression: rendered
---
 Issue                                 Status       Dev    ◷     PR   CI                                                
▌◦ TEST-123 Snapshot the sidebar rend  In Progress  Casey  857d  #42  ✓● ⠋    ◦ Snapshot the sidebar render             
                                                                                                                        
                                                                              ── Jira ──────────────────── TEST-123 ──  
                                                                                                                        
                                                                              ── GitHub ─────────────────────── #42 ──  
                                                                              Status    Changes Requested               
                                                                              Repo      work-tui                        
                                                                              Changes   3 files  +72 / -14              
                                                                              Comments  2 unresolved · 0 resolved       
                                                                                                                        
                                                                              ── CI ─────────────────────────── 1/2 ──  
                                                                               ✓ lint  2m                               
                                                                               ● build                                  
                                                                                 ✓ compile  1m                          
                                                                                 ● integration
