---
source: src/ui/list.rs
assertion_line: 43
expression: rendered
---
Key       Summary                                   Status       Dev                                                    
TEST-123  ◦ Snapshot the sidebar render             In Progress  Casey       ◦ Snapshot the sidebar render              
                                                                                                                        
                                                                             ── Jira ────────────────────── TEST-123 ── 
                                                                              Status    In Progress                     
                                                                              Assignee  Casey Dev                       
                                                                              Author    Riley Author                    
                                                                              Reporter  Jordan QA                       
                                                                                                                        
                                                                              Confirm sidebar, list, and command        
                                                                              bar layouts.
